Archive member included to satisfy reference by file (symbol)

lib/orangescrt.a(printf.o)    kernel/main.o (printf)
lib/orangescrt.a(vsprintf.o)  kernel/main.o (vsprintf)
lib/orangescrt.a(string.o)    kernel/start.o (memcpy)
lib/orangescrt.a(misc.o)      kernel/main.o (send_recv)
lib/orangescrt.a(open.o)      kernel/main.o (open)
lib/orangescrt.a(read.o)      kernel/main.o (read)
lib/orangescrt.a(write.o)     kernel/main.o (write)
lib/orangescrt.a(close.o)     kernel/main.o (close)
lib/orangescrt.a(getpid.o)    fs/disklog.o (getpid)
lib/orangescrt.a(syscall.o)   lib/orangescrt.a(misc.o) (sendrec)

Allocating common symbols
Common symbol       size              file

idt_ptr             0x6               kernel/global.o
inode_table         0xb00             kernel/global.o
task_stack          0x24000           kernel/global.o
k_reenter           0x4               kernel/global.o
gdt                 0x400             kernel/global.o
current_console     0x4               kernel/global.o
pcaller             0x4               kernel/global.o
tty_table           0xc6c             kernel/global.o
tss                 0x68              kernel/global.o
fs_msg              0x30              kernel/global.o
memory_size         0x4               kernel/global.o
f_desc_table        0x400             kernel/global.o
root_inode          0x4               kernel/global.o
disp_pos            0x4               kernel/global.o
mm_msg              0x30              kernel/global.o
key_pressed         0x4               kernel/global.o
gdt_ptr             0x6               kernel/global.o
idt                 0x800             kernel/global.o
super_block         0x1e0             kernel/global.o
PARTITION_ENTRY     0x10              kernel/hd.o
ticks               0x4               kernel/global.o
console_table       0x3c              kernel/global.o
irq_table           0x40              kernel/global.o
p_proc_ready        0x4               kernel/global.o
proc_table          0x3af8            kernel/global.o

Discarded input sections

 .note.GNU-stack
                0x0000000000000000        0x0 kernel/start.o
 .note.GNU-stack
                0x0000000000000000        0x0 kernel/main.o
 .note.GNU-stack
                0x0000000000000000        0x0 kernel/clock.o
 .note.GNU-stack
                0x0000000000000000        0x0 kernel/keyboard.o
 .note.GNU-stack
                0x0000000000000000        0x0 kernel/tty.o
 .note.GNU-stack
                0x0000000000000000        0x0 kernel/console.o
 .note.GNU-stack
                0x0000000000000000        0x0 kernel/i8259.o
 .note.GNU-stack
                0x0000000000000000        0x0 kernel/global.o
 .note.GNU-stack
                0x0000000000000000        0x0 kernel/protect.o
 .note.GNU-stack
                0x0000000000000000        0x0 kernel/proc.o
 .note.GNU-stack
                0x0000000000000000        0x0 kernel/systask.o
 .note.GNU-stack
                0x0000000000000000        0x0 kernel/hd.o
 .note.GNU-stack
                0x0000000000000000        0x0 kernel/klib.o
 .note.GNU-stack
                0x0000000000000000        0x0 lib/syslog.o
 .note.GNU-stack
                0x0000000000000000        0x0 mm/main.o
 .note.GNU-stack
                0x0000000000000000        0x0 mm/forkexit.o
 .note.GNU-stack
                0x0000000000000000        0x0 fs/main.o
 .note.GNU-stack
                0x0000000000000000        0x0 fs/open.o
 .note.GNU-stack
                0x0000000000000000        0x0 fs/misc.o
 .note.GNU-stack
                0x0000000000000000        0x0 fs/read_write.o
 .note.GNU-stack
                0x0000000000000000        0x0 fs/link.o
 .note.GNU-stack
                0x0000000000000000        0x0 fs/disklog.o
 .note.GNU-stack
                0x0000000000000000        0x0 lib/orangescrt.a(printf.o)
 .note.GNU-stack
                0x0000000000000000        0x0 lib/orangescrt.a(vsprintf.o)
 .note.GNU-stack
                0x0000000000000000        0x0 lib/orangescrt.a(misc.o)
 .note.GNU-stack
                0x0000000000000000        0x0 lib/orangescrt.a(open.o)
 .note.GNU-stack
                0x0000000000000000        0x0 lib/orangescrt.a(read.o)
 .note.GNU-stack
                0x0000000000000000        0x0 lib/orangescrt.a(write.o)
 .note.GNU-stack
                0x0000000000000000        0x0 lib/orangescrt.a(close.o)
 .note.GNU-stack
                0x0000000000000000        0x0 lib/orangescrt.a(getpid.o)

Memory Configuration

Name             Origin             Length             Attributes
*default*        0x0000000000000000 0xffffffffffffffff

Linker script and memory map

Address of section .text set to 0x1000
LOAD kernel/kernel.o
LOAD kernel/start.o
LOAD kernel/main.o
LOAD kernel/clock.o
LOAD kernel/keyboard.o
LOAD kernel/tty.o
LOAD kernel/console.o
LOAD kernel/i8259.o
LOAD kernel/global.o
LOAD kernel/protect.o
LOAD kernel/proc.o
LOAD kernel/systask.o
LOAD kernel/hd.o
LOAD kernel/kliba.o
LOAD kernel/klib.o
LOAD lib/syslog.o
LOAD mm/main.o
LOAD mm/forkexit.o
LOAD fs/main.o
LOAD fs/open.o
LOAD fs/misc.o
LOAD fs/read_write.o
LOAD fs/link.o
LOAD fs/disklog.o
LOAD lib/orangescrt.a
                [!provide]                        PROVIDE (__executable_start, 0x8048000)
                0x0000000008048094                . = (0x8048000 + SIZEOF_HEADERS)

.interp
 *(.interp)

.note.gnu.build-id
 *(.note.gnu.build-id)

.hash
 *(.hash)

.gnu.hash
 *(.gnu.hash)

.dynsym
 *(.dynsym)

.dynstr
 *(.dynstr)

.gnu.version
 *(.gnu.version)

.gnu.version_d
 *(.gnu.version_d)

.gnu.version_r
 *(.gnu.version_r)

.rel.dyn        0x0000000008048094        0x0
 *(.rel.init)
 *(.rel.text .rel.text.* .rel.gnu.linkonce.t.*)
 .rel.text      0x0000000008048094        0x0 kernel/kernel.o
 *(.rel.fini)
 *(.rel.rodata .rel.rodata.* .rel.gnu.linkonce.r.*)
 *(.rel.data.rel.ro .rel.data.rel.ro.* .rel.gnu.linkonce.d.rel.ro.*)
 *(.rel.data .rel.data.* .rel.gnu.linkonce.d.*)
 .rel.data      0x0000000008048094        0x0 kernel/kernel.o
 *(.rel.tdata .rel.tdata.* .rel.gnu.linkonce.td.*)
 *(.rel.tbss .rel.tbss.* .rel.gnu.linkonce.tb.*)
 *(.rel.ctors)
 *(.rel.dtors)
 *(.rel.got)
 *(.rel.bss .rel.bss.* .rel.gnu.linkonce.b.*)
 *(.rel.ifunc)

.rel.plt        0x0000000008048094        0x0
 *(.rel.plt)
                [!provide]                        PROVIDE (__rel_iplt_start, .)
 *(.rel.iplt)
 .rel.iplt      0x0000000008048094        0x0 kernel/kernel.o
                [!provide]                        PROVIDE (__rel_iplt_end, .)

.init
 *(SORT(.init))

.plt            0x00000000080480a0        0x0
 *(.plt)
 *(.iplt)
 .iplt          0x00000000080480a0        0x0 kernel/kernel.o

.plt.got
 *(.plt.got)

.text           0x0000000000001000     0xb0a8
 *(.text.unlikely .text.*_unlikely .text.unlikely.*)
 *(.text.exit .text.exit.*)
 *(.text.startup .text.startup.*)
 *(.text.hot .text.hot.*)
 *(.text .stub .text.* .gnu.linkonce.t.*)
 .text          0x0000000000001000      0x410 kernel/kernel.o
                0x0000000000001000                _start
                0x0000000000001040                hwint00
                0x0000000000001070                hwint01
                0x00000000000010a0                hwint02
                0x00000000000010d0                hwint03
                0x0000000000001100                hwint04
                0x0000000000001130                hwint05
                0x0000000000001160                hwint06
                0x0000000000001190                hwint07
                0x00000000000011c0                hwint08
                0x00000000000011f0                hwint09
                0x0000000000001220                hwint10
                0x0000000000001250                hwint11
                0x0000000000001280                hwint12
                0x00000000000012b0                hwint13
                0x00000000000012e0                hwint14
                0x0000000000001310                hwint15
                0x0000000000001334                divide_error
                0x000000000000133a                single_step_exception
                0x0000000000001340                nmi
                0x0000000000001346                breakpoint_exception
                0x000000000000134c                overflow
                0x0000000000001352                bounds_check
                0x0000000000001358                inval_opcode
                0x000000000000135e                copr_not_available
                0x0000000000001364                double_fault
                0x0000000000001368                copr_seg_overrun
                0x000000000000136e                inval_tss
                0x0000000000001372                segment_not_present
                0x0000000000001376                stack_exception
                0x000000000000137a                general_protection
                0x000000000000137e                page_fault
                0x0000000000001382                copr_error
                0x00000000000013cb                sys_call
                0x00000000000013eb                restart
 .text          0x0000000000001410       0x95 kernel/start.o
                0x0000000000001410                cstart
 .text          0x00000000000014a5      0x60c kernel/main.o
                0x00000000000014a5                kernel_main
                0x00000000000017c0                get_ticks
                0x00000000000017f4                untar
                0x00000000000019b2                Init
                0x0000000000001a59                TestA
                0x0000000000001a5e                TestB
                0x0000000000001a63                TestC
                0x0000000000001a68                panic
 .text          0x0000000000001ab1      0x10d kernel/clock.o
                0x0000000000001ab1                clock_handler
                0x0000000000001b2c                milli_delay
                0x0000000000001b66                init_clock
 .text          0x0000000000001bbe      0x6da kernel/keyboard.o
                0x0000000000001bbe                keyboard_handler
                0x0000000000001c28                init_keyboard
                0x0000000000001cd7                keyboard_read
 .text          0x0000000000002298      0xa4a kernel/tty.o
                0x0000000000002298                task_tty
                0x0000000000002489                in_process
                0x00000000000029e2                sys_printx
                0x0000000000002b81                dump_tty_buf
 .text          0x0000000000002ce2      0x7d7 kernel/console.o
                0x0000000000002ce2                init_screen
                0x0000000000002e56                out_char
                0x0000000000003133                is_current_console
                0x0000000000003226                select_console
                0x0000000000003266                scroll_screen
 .text          0x00000000000034b9      0x130 kernel/i8259.o
                0x00000000000034b9                init_8259A
                0x000000000000358e                spurious_irq
                0x00000000000035c5                put_irq_handler
 .text          0x00000000000035e9        0x0 kernel/global.o
 .text          0x00000000000035e9      0x65f kernel/protect.o
                0x00000000000035e9                init_prot
                0x0000000000003a51                seg2linear
                0x0000000000003aa0                init_desc
                0x0000000000003b0d                exception_handler
 .text          0x0000000000003c48     0x15f5 kernel/proc.o
                0x0000000000003c48                schedule
                0x0000000000003cd4                sys_sendrec
                0x0000000000003df4                ldt_seg_linear
                0x0000000000003e3e                va2la
                0x0000000000003e9f                reset_msg
                0x0000000000004c84                inform_int
                0x0000000000004df4                dump_proc
                0x0000000000005130                dump_msg
 .text          0x000000000000523d      0x2bc kernel/systask.o
                0x000000000000523d                task_sys
 .text          0x00000000000054f9      0xe1f kernel/hd.o
                0x00000000000054f9                task_hd
                0x00000000000062ed                hd_handler
 *fill*         0x0000000000006318        0x8 
 .text          0x0000000000006320      0x19a kernel/kliba.o
                0x0000000000006320                disp_str
                0x000000000000635e                disp_color_str
                0x000000000000639d                out_byte
                0x00000000000063a9                in_byte
                0x00000000000063b3                port_read
                0x00000000000063c6                port_write
                0x00000000000063d9                disable_irq
                0x000000000000640e                enable_irq
                0x000000000000642d                disable_int
                0x000000000000642f                enable_int
                0x0000000000006431                glitter
 .text          0x00000000000064ba      0x2af kernel/klib.o
                0x00000000000064ba                get_boot_params
                0x0000000000006540                get_kernel_map
                0x0000000000006650                itoa
                0x00000000000066fb                disp_int
                0x0000000000006722                delay
 .text          0x0000000000006769       0x6f lib/syslog.o
                0x0000000000006769                syslog
 .text          0x00000000000067d8      0x1a4 mm/main.o
                0x00000000000067d8                task_mm
                0x00000000000068f7                alloc_mem
                0x0000000000006972                free_mem
 .text          0x000000000000697c      0x5d6 mm/forkexit.o
                0x000000000000697c                do_fork
                0x0000000000006cd3                do_exit
                0x0000000000006e9c                do_wait
 .text          0x0000000000006f52     0x108a fs/main.o
                0x0000000000006f52                task_fs
                0x00000000000079c1                rw_sector
                0x0000000000007be4                get_super_block
                0x0000000000007c2a                get_inode
                0x0000000000007d8d                put_inode
                0x0000000000007dcb                sync_inode
 .text          0x0000000000007fdc      0xaa6 fs/open.o
                0x0000000000007fdc                do_open
                0x000000000000841e                do_close
                0x0000000000008499                do_lseek
 .text          0x0000000000008a82      0x1e1 fs/misc.o
                0x0000000000008a82                search_file
                0x0000000000008bd8                strip_path
 .text          0x0000000000008c63      0x49a fs/read_write.o
                0x0000000000008c63                do_rdwt
 .text          0x00000000000090fd      0x808 fs/link.o
                0x00000000000090fd                do_unlink
 .text          0x0000000000009905     0x1fb8 fs/disklog.o
                0x0000000000009905                disklog
                0x0000000000009e72                dump_fd_graph
 .text          0x000000000000b8bd       0xad lib/orangescrt.a(printf.o)
                0x000000000000b8bd                printf
                0x000000000000b928                printl
 .text          0x000000000000b96a      0x305 lib/orangescrt.a(vsprintf.o)
                0x000000000000b9c8                vsprintf
                0x000000000000bc49                sprintf
 *fill*         0x000000000000bc6f        0x1 
 .text          0x000000000000bc70       0x78 lib/orangescrt.a(string.o)
                0x000000000000bc70                memcpy
                0x000000000000bc99                memset
                0x000000000000bcba                strcpy
                0x000000000000bcd2                strlen
 .text          0x000000000000bce8      0x256 lib/orangescrt.a(misc.o)
                0x000000000000bce8                send_recv
                0x000000000000bda2                memcmp
                0x000000000000be18                strcmp
                0x000000000000be8b                strcat
                0x000000000000beea                spin
                0x000000000000bf05                assertion_failure
 .text          0x000000000000bf3e       0x63 lib/orangescrt.a(open.o)
                0x000000000000bf3e                open
 .text          0x000000000000bfa1       0x37 lib/orangescrt.a(read.o)
                0x000000000000bfa1                read
 .text          0x000000000000bfd8       0x37 lib/orangescrt.a(write.o)
                0x000000000000bfd8                write
 .text          0x000000000000c00f       0x2b lib/orangescrt.a(close.o)
                0x000000000000c00f                close
 .text          0x000000000000c03a       0x46 lib/orangescrt.a(getpid.o)
                0x000000000000c03a                getpid
 .text          0x000000000000c080       0x28 lib/orangescrt.a(syscall.o)
                0x000000000000c080                sendrec
                0x000000000000c09a                printx
 *(.gnu.warning)

.fini
 *(SORT(.fini))
                [!provide]                        PROVIDE (__etext, .)
                [!provide]                        PROVIDE (_etext, .)
                [!provide]                        PROVIDE (etext, .)

.rodata         0x000000000000c0c0     0x2369
 *(.rodata .rodata.* .gnu.linkonce.r.*)
 .rodata        0x000000000000c0c0       0x47 kernel/start.o
 *fill*         0x000000000000c107        0x1 
 .rodata        0x000000000000c108      0x11a kernel/main.o
 *fill*         0x000000000000c222        0x2 
 .rodata        0x000000000000c224       0x64 kernel/keyboard.o
 .rodata        0x000000000000c288      0x168 kernel/tty.o
 .rodata        0x000000000000c3f0       0x5b kernel/console.o
 .rodata        0x000000000000c44b       0x11 kernel/i8259.o
 .rodata        0x000000000000c45c       0x10 kernel/global.o
                0x000000000000c45c                FSBUF_SIZE
                0x000000000000c460                MMBUF_SIZE
                0x000000000000c464                LOGBUF_SIZE
                0x000000000000c468                LOGDISKBUF_SIZE
 *fill*         0x000000000000c46c       0x14 
 .rodata        0x000000000000c480      0x580 kernel/protect.o
 .rodata        0x000000000000ca00      0x5da kernel/proc.o
 .rodata        0x000000000000cfda       0x11 kernel/systask.o
 *fill*         0x000000000000cfeb        0x1 
 .rodata        0x000000000000cfec      0x1df kernel/hd.o
 *fill*         0x000000000000d1cb        0x1 
 .rodata        0x000000000000d1cc       0x6a kernel/klib.o
 .rodata        0x000000000000d236       0x1e lib/syslog.o
 .rodata        0x000000000000d254       0xb1 mm/main.o
 *fill*         0x000000000000d305        0x3 
 .rodata        0x000000000000d308      0x108 mm/forkexit.o
 .rodata        0x000000000000d410      0x2b6 fs/main.o
 *fill*         0x000000000000d6c6        0x2 
 .rodata        0x000000000000d6c8      0x13c fs/open.o
 .rodata        0x000000000000d804      0x164 fs/read_write.o
 .rodata        0x000000000000d968      0x1ad fs/link.o
 *fill*         0x000000000000db15        0x3 
 .rodata        0x000000000000db18      0x806 fs/disklog.o
 .rodata        0x000000000000e31e       0x14 lib/orangescrt.a(printf.o)
 *fill*         0x000000000000e332        0x2 
 .rodata        0x000000000000e334       0xad lib/orangescrt.a(misc.o)
 .rodata        0x000000000000e3e1       0x23 lib/orangescrt.a(open.o)
 .rodata        0x000000000000e404       0x25 lib/orangescrt.a(getpid.o)

.rodata1
 *(.rodata1)

.eh_frame_hdr
 *(.eh_frame_hdr)
 *(.eh_frame_entry .eh_frame_entry.*)

.eh_frame       0x000000000000e42c     0x1150
 *(.eh_frame)
 .eh_frame      0x000000000000e42c       0x38 kernel/start.o
 .eh_frame      0x000000000000e464       0xf0 kernel/main.o
                                        0x108 (size before relaxing)
 .eh_frame      0x000000000000e554       0x60 kernel/clock.o
                                         0x78 (size before relaxing)
 .eh_frame      0x000000000000e5b4       0xe0 kernel/keyboard.o
                                         0xf8 (size before relaxing)
 .eh_frame      0x000000000000e694      0x13c kernel/tty.o
                                        0x154 (size before relaxing)
 .eh_frame      0x000000000000e7d0      0x144 kernel/console.o
                                        0x15c (size before relaxing)
 .eh_frame      0x000000000000e914       0x60 kernel/i8259.o
                                         0x78 (size before relaxing)
 .eh_frame      0x000000000000e974       0xb0 kernel/protect.o
                                         0xc8 (size before relaxing)
 .eh_frame      0x000000000000ea24      0x1b8 kernel/proc.o
                                        0x1d0 (size before relaxing)
 .eh_frame      0x000000000000ebdc       0x5c kernel/systask.o
                                         0x74 (size before relaxing)
 .eh_frame      0x000000000000ec38      0x1f0 kernel/hd.o
                                        0x208 (size before relaxing)
 .eh_frame      0x000000000000ee28       0xa0 kernel/klib.o
                                         0xb8 (size before relaxing)
 .eh_frame      0x000000000000eec8       0x20 lib/syslog.o
                                         0x38 (size before relaxing)
 .eh_frame      0x000000000000eee8       0x7c mm/main.o
                                         0x94 (size before relaxing)
 .eh_frame      0x000000000000ef64       0x90 mm/forkexit.o
                                         0xa8 (size before relaxing)
 .eh_frame      0x000000000000eff4      0x170 fs/main.o
                                        0x188 (size before relaxing)
 .eh_frame      0x000000000000f164      0x120 fs/open.o
                                        0x138 (size before relaxing)
 .eh_frame      0x000000000000f284       0x44 fs/misc.o
                                         0x5c (size before relaxing)
 .eh_frame      0x000000000000f2c8       0x2c fs/read_write.o
                                         0x44 (size before relaxing)
 .eh_frame      0x000000000000f2f4       0x2c fs/link.o
                                         0x44 (size before relaxing)
 .eh_frame      0x000000000000f320       0x60 fs/disklog.o
                                         0x78 (size before relaxing)
 .eh_frame      0x000000000000f380       0x40 lib/orangescrt.a(printf.o)
                                         0x58 (size before relaxing)
 .eh_frame      0x000000000000f3c0       0x60 lib/orangescrt.a(vsprintf.o)
                                         0x78 (size before relaxing)
 .eh_frame      0x000000000000f420       0xbc lib/orangescrt.a(misc.o)
                                         0xd4 (size before relaxing)
 .eh_frame      0x000000000000f4dc       0x20 lib/orangescrt.a(open.o)
                                         0x38 (size before relaxing)
 .eh_frame      0x000000000000f4fc       0x20 lib/orangescrt.a(read.o)
                                         0x38 (size before relaxing)
 .eh_frame      0x000000000000f51c       0x20 lib/orangescrt.a(write.o)
                                         0x38 (size before relaxing)
 .eh_frame      0x000000000000f53c       0x20 lib/orangescrt.a(close.o)
                                         0x38 (size before relaxing)
 .eh_frame      0x000000000000f55c       0x20 lib/orangescrt.a(getpid.o)
                                         0x38 (size before relaxing)
 *(.eh_frame.*)

.gcc_except_table
 *(.gcc_except_table .gcc_except_table.*)

.gnu_extab
 *(.gnu_extab*)

.exception_ranges
 *(.exception_ranges .exception_ranges*)
                0x0000000000010000                . = DATA_SEGMENT_ALIGN (0x1000, 0x1000)

.eh_frame
 *(.eh_frame)
 *(.eh_frame.*)

.gnu_extab
 *(.gnu_extab)

.gcc_except_table
 *(.gcc_except_table .gcc_except_table.*)

.exception_ranges
 *(.exception_ranges .exception_ranges*)

.tdata
 *(.tdata .tdata.* .gnu.linkonce.td.*)

.tbss
 *(.tbss .tbss.* .gnu.linkonce.tb.*)
 *(.tcommon)

.preinit_array  0x0000000000010000        0x0
                [!provide]                        PROVIDE (__preinit_array_start, .)
 *(.preinit_array)
                [!provide]                        PROVIDE (__preinit_array_end, .)

.init_array     0x0000000000010000        0x0
                [!provide]                        PROVIDE (__init_array_start, .)
 *(SORT(.init_array.*) SORT(.ctors.*))
 *(.init_array EXCLUDE_FILE(*crtend?.o *crtend.o *crtbegin?.o *crtbegin.o) .ctors)
                [!provide]                        PROVIDE (__init_array_end, .)

.fini_array     0x0000000000010000        0x0
                [!provide]                        PROVIDE (__fini_array_start, .)
 *(SORT(.fini_array.*) SORT(.dtors.*))
 *(.fini_array EXCLUDE_FILE(*crtend?.o *crtend.o *crtbegin?.o *crtbegin.o) .dtors)
                [!provide]                        PROVIDE (__fini_array_end, .)

.ctors
 *crtbegin.o(.ctors)
 *crtbegin?.o(.ctors)
 *(EXCLUDE_FILE(*crtend?.o *crtend.o) .ctors)
 *(SORT(.ctors.*))
 *(.ctors)

.dtors
 *crtbegin.o(.dtors)
 *crtbegin?.o(.dtors)
 *(EXCLUDE_FILE(*crtend?.o *crtend.o) .dtors)
 *(SORT(.dtors.*))
 *(.dtors)

.jcr
 *(.jcr)

.data.rel.ro
 *(.data.rel.ro.local* .gnu.linkonce.d.rel.ro.local.*)
 *(.data.rel.ro .data.rel.ro.* .gnu.linkonce.d.rel.ro.*)

.dynamic
 *(.dynamic)

.got
 *(.got)
 *(.igot)
                0x0000000000010000                . = DATA_SEGMENT_RELRO_END (., (SIZEOF (.got.plt) >= 0xc)?0xc:0x0)

.got.plt        0x0000000000010000        0x0
 *(.got.plt)
 *(.igot.plt)
 .igot.plt      0x0000000000010000        0x0 kernel/kernel.o

.data           0x0000000000010000      0x814
 *(.data .data.* .gnu.linkonce.d.*)
 .data          0x0000000000010000        0x2 kernel/kernel.o
 .data          0x0000000000010002        0x0 kernel/start.o
 .data          0x0000000000010002        0x0 kernel/main.o
 .data          0x0000000000010002        0x0 kernel/clock.o
 *fill*         0x0000000000010002       0x1e 
 .data          0x0000000000010020      0x600 kernel/keyboard.o
                0x0000000000010020                keymap
 .data          0x0000000000010620       0x22 kernel/tty.o
 .data          0x0000000000010642        0x0 kernel/console.o
 .data          0x0000000000010642        0x0 kernel/i8259.o
 *fill*         0x0000000000010642       0x1e 
 .data          0x0000000000010660      0x1b4 kernel/global.o
                0x0000000000010660                task_table
                0x0000000000010740                user_proc_table
                0x00000000000107e0                sys_call_table
                0x00000000000107ec                dd_map
                0x0000000000010804                fsbuf
                0x0000000000010808                mmbuf
                0x000000000001080c                logbuf
                0x0000000000010810                logdiskbuf
 .data          0x0000000000010814        0x0 kernel/protect.o
 .data          0x0000000000010814        0x0 kernel/proc.o
 .data          0x0000000000010814        0x0 kernel/systask.o
 .data          0x0000000000010814        0x0 kernel/hd.o
 .data          0x0000000000010814        0x0 kernel/klib.o
 .data          0x0000000000010814        0x0 lib/syslog.o
 .data          0x0000000000010814        0x0 mm/main.o
 .data          0x0000000000010814        0x0 mm/forkexit.o
 .data          0x0000000000010814        0x0 fs/main.o
 .data          0x0000000000010814        0x0 fs/open.o
 .data          0x0000000000010814        0x0 fs/misc.o
 .data          0x0000000000010814        0x0 fs/read_write.o
 .data          0x0000000000010814        0x0 fs/link.o
 .data          0x0000000000010814        0x0 fs/disklog.o
 .data          0x0000000000010814        0x0 lib/orangescrt.a(printf.o)
 .data          0x0000000000010814        0x0 lib/orangescrt.a(vsprintf.o)
 .data          0x0000000000010814        0x0 lib/orangescrt.a(misc.o)
 .data          0x0000000000010814        0x0 lib/orangescrt.a(open.o)
 .data          0x0000000000010814        0x0 lib/orangescrt.a(read.o)
 .data          0x0000000000010814        0x0 lib/orangescrt.a(write.o)
 .data          0x0000000000010814        0x0 lib/orangescrt.a(close.o)
 .data          0x0000000000010814        0x0 lib/orangescrt.a(getpid.o)

.data1
 *(.data1)
                0x0000000000010814                _edata = .
                [!provide]                        PROVIDE (edata, .)
                0x0000000000010814                . = .
                0x0000000000010814                __bss_start = .

.bss            0x0000000000010820    0x2b788
 *(.dynbss)
 *(.bss .bss.* .gnu.linkonce.b.*)
 .bss           0x0000000000010820      0x800 kernel/kernel.o
 .bss           0x0000000000011020        0x0 kernel/start.o
 .bss           0x0000000000011020        0x0 kernel/main.o
 .bss           0x0000000000011020        0x0 kernel/clock.o
 .bss           0x0000000000011020       0x58 kernel/keyboard.o
 .bss           0x0000000000011078        0x0 kernel/tty.o
 .bss           0x0000000000011078        0x0 kernel/console.o
 .bss           0x0000000000011078        0x0 kernel/i8259.o
 .bss           0x0000000000011078        0x0 kernel/global.o
 .bss           0x0000000000011078        0x0 kernel/protect.o
 .bss           0x0000000000011078        0x0 kernel/proc.o
 .bss           0x0000000000011078        0x0 kernel/systask.o
 *fill*         0x0000000000011078        0x8 
 .bss           0x0000000000011080      0x64c kernel/hd.o
 .bss           0x00000000000116cc        0x0 kernel/klib.o
 .bss           0x00000000000116cc        0x0 lib/syslog.o
 .bss           0x00000000000116cc        0x0 mm/main.o
 .bss           0x00000000000116cc        0x0 mm/forkexit.o
 .bss           0x00000000000116cc        0x0 fs/main.o
 .bss           0x00000000000116cc        0x0 fs/open.o
 .bss           0x00000000000116cc        0x0 fs/misc.o
 .bss           0x00000000000116cc        0x0 fs/read_write.o
 .bss           0x00000000000116cc        0x0 fs/link.o
 *fill*         0x00000000000116cc       0x14 
 .bss           0x00000000000116e0      0x208 fs/disklog.o
 .bss           0x00000000000118e8        0x0 lib/orangescrt.a(printf.o)
 .bss           0x00000000000118e8        0x0 lib/orangescrt.a(vsprintf.o)
 .bss           0x00000000000118e8        0x0 lib/orangescrt.a(misc.o)
 .bss           0x00000000000118e8        0x0 lib/orangescrt.a(open.o)
 .bss           0x00000000000118e8        0x0 lib/orangescrt.a(read.o)
 .bss           0x00000000000118e8        0x0 lib/orangescrt.a(write.o)
 .bss           0x00000000000118e8        0x0 lib/orangescrt.a(close.o)
 .bss           0x00000000000118e8        0x0 lib/orangescrt.a(getpid.o)
 *(COMMON)
 *fill*         0x00000000000118e8       0x18 
 COMMON         0x0000000000011900    0x2a698 kernel/global.o
                0x0000000000011900                idt_ptr
                0x0000000000011920                inode_table
                0x0000000000012420                task_stack
                0x0000000000036420                k_reenter
                0x0000000000036440                gdt
                0x0000000000036840                current_console
                0x0000000000036844                pcaller
                0x0000000000036860                tty_table
                0x00000000000374e0                tss
                0x0000000000037560                fs_msg
                0x0000000000037590                memory_size
                0x00000000000375a0                f_desc_table
                0x00000000000379a0                root_inode
                0x00000000000379a4                disp_pos
                0x00000000000379c0                mm_msg
                0x00000000000379f0                key_pressed
                0x00000000000379f4                gdt_ptr
                0x0000000000037a00                idt
                0x0000000000038200                super_block
                0x00000000000383e0                ticks
                0x0000000000038400                console_table
                0x0000000000038440                irq_table
                0x0000000000038480                p_proc_ready
                0x00000000000384a0                proc_table
 COMMON         0x000000000003bf98       0x10 kernel/hd.o
                0x000000000003bf98                PARTITION_ENTRY
                0x000000000003bfa8                . = ALIGN ((. != 0x0)?0x4:0x1)
                0x000000000003bfa8                . = ALIGN (0x4)
                0x000000000003bfa8                . = SEGMENT_START ("ldata-segment", .)
                0x000000000003bfa8                . = ALIGN (0x4)
                0x000000000003bfa8                _end = .
                [!provide]                        PROVIDE (end, .)
                0x000000000003bfa8                . = DATA_SEGMENT_END (.)

.stab
 *(.stab)

.stabstr
 *(.stabstr)

.stab.excl
 *(.stab.excl)

.stab.exclstr
 *(.stab.exclstr)

.stab.index
 *(.stab.index)

.stab.indexstr
 *(.stab.indexstr)

.comment        0x0000000000000000       0x34
 *(.comment)
 .comment       0x0000000000000000       0x34 kernel/start.o
                                         0x35 (size before relaxing)
 .comment       0x0000000000000034       0x35 kernel/main.o
 .comment       0x0000000000000034       0x35 kernel/clock.o
 .comment       0x0000000000000034       0x35 kernel/keyboard.o
 .comment       0x0000000000000034       0x35 kernel/tty.o
 .comment       0x0000000000000034       0x35 kernel/console.o
 .comment       0x0000000000000034       0x35 kernel/i8259.o
 .comment       0x0000000000000034       0x35 kernel/global.o
 .comment       0x0000000000000034       0x35 kernel/protect.o
 .comment       0x0000000000000034       0x35 kernel/proc.o
 .comment       0x0000000000000034       0x35 kernel/systask.o
 .comment       0x0000000000000034       0x35 kernel/hd.o
 .comment       0x0000000000000034       0x35 kernel/klib.o
 .comment       0x0000000000000034       0x35 lib/syslog.o
 .comment       0x0000000000000034       0x35 mm/main.o
 .comment       0x0000000000000034       0x35 mm/forkexit.o
 .comment       0x0000000000000034       0x35 fs/main.o
 .comment       0x0000000000000034       0x35 fs/open.o
 .comment       0x0000000000000034       0x35 fs/misc.o
 .comment       0x0000000000000034       0x35 fs/read_write.o
 .comment       0x0000000000000034       0x35 fs/link.o
 .comment       0x0000000000000034       0x35 fs/disklog.o
 .comment       0x0000000000000034       0x35 lib/orangescrt.a(printf.o)
 .comment       0x0000000000000034       0x35 lib/orangescrt.a(vsprintf.o)
 .comment       0x0000000000000034       0x35 lib/orangescrt.a(misc.o)
 .comment       0x0000000000000034       0x35 lib/orangescrt.a(open.o)
 .comment       0x0000000000000034       0x35 lib/orangescrt.a(read.o)
 .comment       0x0000000000000034       0x35 lib/orangescrt.a(write.o)
 .comment       0x0000000000000034       0x35 lib/orangescrt.a(close.o)
 .comment       0x0000000000000034       0x35 lib/orangescrt.a(getpid.o)

.debug
 *(.debug)

.line
 *(.line)

.debug_srcinfo
 *(.debug_srcinfo)

.debug_sfnames
 *(.debug_sfnames)

.debug_aranges
 *(.debug_aranges)

.debug_pubnames
 *(.debug_pubnames)

.debug_info
 *(.debug_info .gnu.linkonce.wi.*)

.debug_abbrev
 *(.debug_abbrev)

.debug_line
 *(.debug_line .debug_line.* .debug_line_end)

.debug_frame
 *(.debug_frame)

.debug_str
 *(.debug_str)

.debug_loc
 *(.debug_loc)

.debug_macinfo
 *(.debug_macinfo)

.debug_weaknames
 *(.debug_weaknames)

.debug_funcnames
 *(.debug_funcnames)

.debug_typenames
 *(.debug_typenames)

.debug_varnames
 *(.debug_varnames)

.debug_pubtypes
 *(.debug_pubtypes)

.debug_ranges
 *(.debug_ranges)

.debug_macro
 *(.debug_macro)

.gnu.attributes
 *(.gnu.attributes)

/DISCARD/
 *(.note.GNU-stack)
 *(.gnu_debuglink)
 *(.gnu.lto_*)
OUTPUT(kernel.bin elf32-i386)
